---
source: jeprof/src/collector.rs
expression: buf
---
Size      | Count     | Percentage | Distribution
----------+-----------+------------+--------------------------------------------------
1.0 MiB    |         1 |     50.00% | ##################################################
1.0 GiB    |         1 |     50.00% | ##################################################
Total allocations: 1.0 GiB in 2 allocations
